Archive member included because of file (symbol)

c:/winavr-20100110/bin/../lib/gcc/avr/4.3.3/avr5\libgcc.a(_exit.o)
                              c:/winavr-20100110/bin/../lib/gcc/avr/4.3.3/../../../../avr/lib/avr5/crtm32.o (exit)
c:/winavr-20100110/bin/../lib/gcc/avr/4.3.3/avr5\libgcc.a(_copy_data.o)
                              ./DIO-prog.o (__do_copy_data)
c:/winavr-20100110/bin/../lib/gcc/avr/4.3.3/avr5\libgcc.a(_clear_bss.o)
                              ./TSW_prog.o (__do_clear_bss)

Memory Configuration

Name             Origin             Length             Attributes
text             0x00000000         0x00020000         xr
data             0x00800060         0x0000ffa0         rw !x
eeprom           0x00810000         0x00010000         rw !x
fuse             0x00820000         0x00000400         rw !x
lock             0x00830000         0x00000400         rw !x
signature        0x00840000         0x00000400         rw !x
*default*        0x00000000         0xffffffff

Linker script and memory map

LOAD c:/winavr-20100110/bin/../lib/gcc/avr/4.3.3/../../../../avr/lib/avr5/crtm32.o
LOAD ./DIO-prog.o
LOAD ./TSW_prog.o
LOAD ./main.o
LOAD c:/winavr-20100110/bin/../lib/gcc/avr/4.3.3/avr5\libgcc.a
LOAD c:/winavr-20100110/bin/../lib/gcc/avr/4.3.3/../../../../avr/lib/avr5\libc.a
LOAD c:/winavr-20100110/bin/../lib/gcc/avr/4.3.3/avr5\libgcc.a

.hash
 *(.hash)

.dynsym
 *(.dynsym)

.dynstr
 *(.dynstr)

.gnu.version
 *(.gnu.version)

.gnu.version_d
 *(.gnu.version_d)

.gnu.version_r
 *(.gnu.version_r)

.rel.init
 *(.rel.init)

.rela.init
 *(.rela.init)

.rel.text
 *(.rel.text)
 *(.rel.text.*)
 *(.rel.gnu.linkonce.t*)

.rela.text
 *(.rela.text)
 *(.rela.text.*)
 *(.rela.gnu.linkonce.t*)

.rel.fini
 *(.rel.fini)

.rela.fini
 *(.rela.fini)

.rel.rodata
 *(.rel.rodata)
 *(.rel.rodata.*)
 *(.rel.gnu.linkonce.r*)

.rela.rodata
 *(.rela.rodata)
 *(.rela.rodata.*)
 *(.rela.gnu.linkonce.r*)

.rel.data
 *(.rel.data)
 *(.rel.data.*)
 *(.rel.gnu.linkonce.d*)

.rela.data
 *(.rela.data)
 *(.rela.data.*)
 *(.rela.gnu.linkonce.d*)

.rel.ctors
 *(.rel.ctors)

.rela.ctors
 *(.rela.ctors)

.rel.dtors
 *(.rel.dtors)

.rela.dtors
 *(.rela.dtors)

.rel.got
 *(.rel.got)

.rela.got
 *(.rela.got)

.rel.bss
 *(.rel.bss)

.rela.bss
 *(.rela.bss)

.rel.plt
 *(.rel.plt)

.rela.plt
 *(.rela.plt)

.text           0x00000000     0x2bb0
 *(.vectors)
 .vectors       0x00000000       0x54 c:/winavr-20100110/bin/../lib/gcc/avr/4.3.3/../../../../avr/lib/avr5/crtm32.o
                0x00000000                __vectors
                0x00000000                __vector_default
 *(.vectors)
 *(.progmem.gcc*)
 *(.progmem*)
                0x00000054                . = ALIGN (0x2)
                0x00000054                __trampolines_start = .
 *(.trampolines)
 .trampolines   0x00000054        0x0 linker stubs
 *(.trampolines*)
                0x00000054                __trampolines_end = .
 *(.jumptables)
 *(.jumptables*)
 *(.lowtext)
 *(.lowtext*)
                0x00000054                __ctors_start = .
 *(.ctors)
                0x00000054                __ctors_end = .
                0x00000054                __dtors_start = .
 *(.dtors)
                0x00000054                __dtors_end = .
 SORT(*)(.ctors)
 SORT(*)(.dtors)
 *(.init0)
 .init0         0x00000054        0x0 c:/winavr-20100110/bin/../lib/gcc/avr/4.3.3/../../../../avr/lib/avr5/crtm32.o
                0x00000054                __init
 *(.init0)
 *(.init1)
 *(.init1)
 *(.init2)
 .init2         0x00000054        0xc c:/winavr-20100110/bin/../lib/gcc/avr/4.3.3/../../../../avr/lib/avr5/crtm32.o
 *(.init2)
 *(.init3)
 *(.init3)
 *(.init4)
 .init4         0x00000060       0x16 c:/winavr-20100110/bin/../lib/gcc/avr/4.3.3/avr5\libgcc.a(_copy_data.o)
                0x00000060                __do_copy_data
 .init4         0x00000076       0x10 c:/winavr-20100110/bin/../lib/gcc/avr/4.3.3/avr5\libgcc.a(_clear_bss.o)
                0x00000076                __do_clear_bss
 *(.init4)
 *(.init5)
 *(.init5)
 *(.init6)
 *(.init6)
 *(.init7)
 *(.init7)
 *(.init8)
 *(.init8)
 *(.init9)
 .init9         0x00000086        0x8 c:/winavr-20100110/bin/../lib/gcc/avr/4.3.3/../../../../avr/lib/avr5/crtm32.o
 *(.init9)
 *(.text)
 .text          0x0000008e        0x4 c:/winavr-20100110/bin/../lib/gcc/avr/4.3.3/../../../../avr/lib/avr5/crtm32.o
                0x0000008e                __vector_1
                0x0000008e                __vector_12
                0x0000008e                __bad_interrupt
                0x0000008e                __vector_6
                0x0000008e                __vector_3
                0x0000008e                __vector_11
                0x0000008e                __vector_13
                0x0000008e                __vector_17
                0x0000008e                __vector_19
                0x0000008e                __vector_7
                0x0000008e                __vector_5
                0x0000008e                __vector_4
                0x0000008e                __vector_9
                0x0000008e                __vector_2
                0x0000008e                __vector_15
                0x0000008e                __vector_8
                0x0000008e                __vector_14
                0x0000008e                __vector_10
                0x0000008e                __vector_16
                0x0000008e                __vector_18
                0x0000008e                __vector_20
 .text          0x00000092        0x0 ./DIO-prog.o
 .text          0x00000092        0x0 ./TSW_prog.o
 .text          0x00000092        0x0 ./main.o
 .text          0x00000092        0x0 c:/winavr-20100110/bin/../lib/gcc/avr/4.3.3/avr5\libgcc.a(_exit.o)
 .text          0x00000092        0x0 c:/winavr-20100110/bin/../lib/gcc/avr/4.3.3/avr5\libgcc.a(_copy_data.o)
 .text          0x00000092        0x0 c:/winavr-20100110/bin/../lib/gcc/avr/4.3.3/avr5\libgcc.a(_clear_bss.o)
                0x00000092                . = ALIGN (0x2)
 *(.text.*)
 .text.DIO_voidInit
                0x00000092       0x72 ./DIO-prog.o
                0x00000092                DIO_voidInit
 .text.DIO_u8ReadPinVal
                0x00000104       0x96 ./DIO-prog.o
                0x00000104                DIO_u8ReadPinVal
 .text.DIO_u8WritePinVal
                0x0000019a       0xfc ./DIO-prog.o
                0x0000019a                DIO_u8WritePinVal
 .text.DIO_u8ReadPortVal
                0x00000296       0x4e ./DIO-prog.o
                0x00000296                DIO_u8ReadPortVal
 .text.DIO_u8WritePortVal
                0x000002e4       0x68 ./DIO-prog.o
                0x000002e4                DIO_u8WritePortVal
 .text.DIO_u8WritePinDir
                0x0000034c       0xa8 ./DIO-prog.o
                0x0000034c                DIO_u8WritePinDir
 .text.DIO_u8WritePortDir
                0x000003f4       0x46 ./DIO-prog.o
                0x000003f4                DIO_u8WritePortDir
 .text.DIO_u8ReadPinDir
                0x0000043a       0x96 ./DIO-prog.o
                0x0000043a                DIO_u8ReadPinDir
 .text.DIO_u8ReadPortDir
                0x000004d0       0x4e ./DIO-prog.o
                0x000004d0                DIO_u8ReadPortDir
 .text.TSW_voidinit
                0x0000051e       0x22 ./TSW_prog.o
                0x0000051e                TSW_voidinit
 .text.TSW_u8ReadState
                0x00000540      0x146 ./TSW_prog.o
                0x00000540                TSW_u8ReadState
 .text.main     0x00000686       0xd0 ./main.o
                0x00000686                main
 .text.Write_M  0x00000756      0x72a ./main.o
                0x00000756                Write_M
 .text.Write_A  0x00000e80      0x8f2 ./main.o
                0x00000e80                Write_A
 .text.Write_D  0x00001772      0x5dc ./main.o
                0x00001772                Write_D
 .text.Write_O  0x00001d4e      0x9aa ./main.o
                0x00001d4e                Write_O
 .text.Write_H  0x000026f8      0x338 ./main.o
                0x000026f8                Write_H
 .text.rows     0x00002a30       0xbe ./main.o
                0x00002a30                rows
 .text.cols     0x00002aee       0xbe ./main.o
                0x00002aee                cols
 .text.libgcc   0x00002bac        0x0 c:/winavr-20100110/bin/../lib/gcc/avr/4.3.3/avr5\libgcc.a(_exit.o)
 .text.libgcc   0x00002bac        0x0 c:/winavr-20100110/bin/../lib/gcc/avr/4.3.3/avr5\libgcc.a(_copy_data.o)
 .text.libgcc   0x00002bac        0x0 c:/winavr-20100110/bin/../lib/gcc/avr/4.3.3/avr5\libgcc.a(_clear_bss.o)
                0x00002bac                . = ALIGN (0x2)
 *(.fini9)
 .fini9         0x00002bac        0x0 c:/winavr-20100110/bin/../lib/gcc/avr/4.3.3/avr5\libgcc.a(_exit.o)
                0x00002bac                exit
                0x00002bac                _exit
 *(.fini9)
 *(.fini8)
 *(.fini8)
 *(.fini7)
 *(.fini7)
 *(.fini6)
 *(.fini6)
 *(.fini5)
 *(.fini5)
 *(.fini4)
 *(.fini4)
 *(.fini3)
 *(.fini3)
 *(.fini2)
 *(.fini2)
 *(.fini1)
 *(.fini1)
 *(.fini0)
 .fini0         0x00002bac        0x4 c:/winavr-20100110/bin/../lib/gcc/avr/4.3.3/avr5\libgcc.a(_exit.o)
 *(.fini0)
                0x00002bb0                _etext = .

.data           0x00800060       0xcc load address 0x00002bb0
                0x00800060                PROVIDE (__data_start, .)
 *(.data)
 .data          0x00800060        0x0 c:/winavr-20100110/bin/../lib/gcc/avr/4.3.3/../../../../avr/lib/avr5/crtm32.o
 .data          0x00800060        0x0 ./DIO-prog.o
 .data          0x00800060        0x0 ./TSW_prog.o
 .data          0x00800060        0x0 ./main.o
 .data          0x00800060        0x0 c:/winavr-20100110/bin/../lib/gcc/avr/4.3.3/avr5\libgcc.a(_exit.o)
 .data          0x00800060        0x0 c:/winavr-20100110/bin/../lib/gcc/avr/4.3.3/avr5\libgcc.a(_copy_data.o)
 .data          0x00800060        0x0 c:/winavr-20100110/bin/../lib/gcc/avr/4.3.3/avr5\libgcc.a(_clear_bss.o)
 *(.data*)
 *(.rodata)
 *(.rodata*)
 .rodata.DIO_u8Ports
                0x00800060        0x8 ./DIO-prog.o
 .rodata.DIO_u8Ddrs
                0x00800068        0x8 ./DIO-prog.o
 .rodata.DIO_u8Pins
                0x00800070        0x8 ./DIO-prog.o
 .rodata.TSW_SWtchs
                0x00800078        0x1 ./TSW_prog.o
                0x00800078                TSW_SWtchs
 .rodata.CheckErr
                0x00800079        0x2 ./TSW_prog.o
                0x00800079                CheckErr
 .rodata.C.1.1238
                0x0080007b        0x8 ./main.o
 .rodata.C.0.1237
                0x00800083        0x8 ./main.o
 .rodata.C.4.1321
                0x0080008b        0x8 ./main.o
 .rodata.C.3.1320
                0x00800093        0x8 ./main.o
 .rodata.C.7.1433
                0x0080009b        0x8 ./main.o
 .rodata.C.6.1432
                0x008000a3        0x8 ./main.o
 .rodata.C.5.1431
                0x008000ab        0x8 ./main.o
 .rodata.C.12.1513
                0x008000b3        0x8 ./main.o
 .rodata.C.11.1512
                0x008000bb        0x8 ./main.o
 .rodata.C.10.1511
                0x008000c3        0x8 ./main.o
 .rodata.C.9.1510
                0x008000cb        0x8 ./main.o
 .rodata.C.8.1509
                0x008000d3        0x8 ./main.o
 .rodata.C.19.1607
                0x008000db        0x8 ./main.o
 .rodata.C.18.1606
                0x008000e3        0x8 ./main.o
 .rodata.C.17.1605
                0x008000eb        0x8 ./main.o
 .rodata.C.16.1604
                0x008000f3        0x8 ./main.o
 .rodata.C.15.1603
                0x008000fb        0x8 ./main.o
 .rodata.C.14.1602
                0x00800103        0x8 ./main.o
 .rodata.C.13.1601
                0x0080010b        0x8 ./main.o
 .rodata.C.22.1661
                0x00800113        0x8 ./main.o
 .rodata.C.21.1660
                0x0080011b        0x8 ./main.o
 .rodata.C.20.1659
                0x00800123        0x8 ./main.o
 *(.gnu.linkonce.d*)
                0x0080012c                . = ALIGN (0x2)
 *fill*         0x0080012b        0x1 00
                0x0080012c                _edata = .
                0x0080012c                PROVIDE (__data_end, .)

.bss            0x0080012c        0x5
                0x0080012c                PROVIDE (__bss_start, .)
 *(.bss)
 .bss           0x0080012c        0x0 c:/winavr-20100110/bin/../lib/gcc/avr/4.3.3/../../../../avr/lib/avr5/crtm32.o
 .bss           0x0080012c        0x0 ./DIO-prog.o
 .bss           0x0080012c        0x0 ./TSW_prog.o
 .bss           0x0080012c        0x0 ./main.o
 .bss           0x0080012c        0x0 c:/winavr-20100110/bin/../lib/gcc/avr/4.3.3/avr5\libgcc.a(_exit.o)
 .bss           0x0080012c        0x0 c:/winavr-20100110/bin/../lib/gcc/avr/4.3.3/avr5\libgcc.a(_copy_data.o)
 .bss           0x0080012c        0x0 c:/winavr-20100110/bin/../lib/gcc/avr/4.3.3/avr5\libgcc.a(_clear_bss.o)
 *(.bss*)
 .bss.TSW_ButtonState
                0x0080012c        0x1 ./TSW_prog.o
 .bss.TSW_ButtonVal
                0x0080012d        0x1 ./TSW_prog.o
 .bss.TSW_laststat
                0x0080012e        0x1 ./TSW_prog.o
 .bss.TSW_LowCounter
                0x0080012f        0x1 ./TSW_prog.o
 .bss.TSW_HighCounter
                0x00800130        0x1 ./TSW_prog.o
 *(COMMON)
                0x00800131                PROVIDE (__bss_end, .)
                0x00002bb0                __data_load_start = LOADADDR (.data)
                0x00002c7c                __data_load_end = (__data_load_start + SIZEOF (.data))

.noinit         0x00800131        0x0
                0x00800131                PROVIDE (__noinit_start, .)
 *(.noinit*)
                0x00800131                PROVIDE (__noinit_end, .)
                0x00800131                _end = .
                0x00800131                PROVIDE (__heap_start, .)

.eeprom         0x00810000        0x0
 *(.eeprom*)
                0x00810000                __eeprom_end = .

.fuse
 *(.fuse)
 *(.lfuse)
 *(.hfuse)
 *(.efuse)

.lock
 *(.lock*)

.signature
 *(.signature*)

.stab           0x00000000     0x2388
 *(.stab)
 .stab          0x00000000      0x84c ./DIO-prog.o
 .stab          0x0000084c      0x324 ./TSW_prog.o
                                0x390 (size before relaxing)
 .stab          0x00000b70     0x1818 ./main.o
                               0x1890 (size before relaxing)

.stabstr        0x00000000      0xacf
 *(.stabstr)
 .stabstr       0x00000000      0xacf ./DIO-prog.o

.stab.excl
 *(.stab.excl)

.stab.exclstr
 *(.stab.exclstr)

.stab.index
 *(.stab.index)

.stab.indexstr
 *(.stab.indexstr)

.comment
 *(.comment)

.debug
 *(.debug)

.line
 *(.line)

.debug_srcinfo
 *(.debug_srcinfo)

.debug_sfnames
 *(.debug_sfnames)

.debug_aranges
 *(.debug_aranges)

.debug_pubnames
 *(.debug_pubnames)

.debug_info
 *(.debug_info)
 *(.gnu.linkonce.wi.*)

.debug_abbrev
 *(.debug_abbrev)

.debug_line
 *(.debug_line)

.debug_frame
 *(.debug_frame)

.debug_str
 *(.debug_str)

.debug_loc
 *(.debug_loc)

.debug_macinfo
 *(.debug_macinfo)
OUTPUT(TSW.elf elf32-avr)
LOAD linker stubs
