Archive member included because of file (symbol)

c:/winavr-20100110/bin/../lib/gcc/avr/4.3.3/avr5\libgcc.a(_exit.o)
                              c:/winavr-20100110/bin/../lib/gcc/avr/4.3.3/../../../../avr/lib/avr5/crtm32.o (exit)
c:/winavr-20100110/bin/../lib/gcc/avr/4.3.3/avr5\libgcc.a(_copy_data.o)
                              ./CLCD_prog.o (__do_copy_data)
c:/winavr-20100110/bin/../lib/gcc/avr/4.3.3/avr5\libgcc.a(_clear_bss.o)
                              ./TIM0_prog.o (__do_clear_bss)

Allocating common symbols
Common symbol       size              file

TIM0_u8TIME_OVFLW   0x2               ./TIM0_prog.o
TIM0_u8TIME_OCOMP   0x2               ./TIM0_prog.o

Memory Configuration

Name             Origin             Length             Attributes
text             0x00000000         0x00020000         xr
data             0x00800060         0x0000ffa0         rw !x
eeprom           0x00810000         0x00010000         rw !x
fuse             0x00820000         0x00000400         rw !x
lock             0x00830000         0x00000400         rw !x
signature        0x00840000         0x00000400         rw !x
*default*        0x00000000         0xffffffff

Linker script and memory map

LOAD c:/winavr-20100110/bin/../lib/gcc/avr/4.3.3/../../../../avr/lib/avr5/crtm32.o
LOAD ./CLCD_prog.o
LOAD ./DIO-prog.o
LOAD ./TIM0_prog.o
LOAD ./main.o
LOAD c:/winavr-20100110/bin/../lib/gcc/avr/4.3.3/avr5\libgcc.a
LOAD c:/winavr-20100110/bin/../lib/gcc/avr/4.3.3/../../../../avr/lib/avr5\libc.a
LOAD c:/winavr-20100110/bin/../lib/gcc/avr/4.3.3/avr5\libgcc.a

.hash
 *(.hash)

.dynsym
 *(.dynsym)

.dynstr
 *(.dynstr)

.gnu.version
 *(.gnu.version)

.gnu.version_d
 *(.gnu.version_d)

.gnu.version_r
 *(.gnu.version_r)

.rel.init
 *(.rel.init)

.rela.init
 *(.rela.init)

.rel.text
 *(.rel.text)
 *(.rel.text.*)
 *(.rel.gnu.linkonce.t*)

.rela.text
 *(.rela.text)
 *(.rela.text.*)
 *(.rela.gnu.linkonce.t*)

.rel.fini
 *(.rel.fini)

.rela.fini
 *(.rela.fini)

.rel.rodata
 *(.rel.rodata)
 *(.rel.rodata.*)
 *(.rel.gnu.linkonce.r*)

.rela.rodata
 *(.rela.rodata)
 *(.rela.rodata.*)
 *(.rela.gnu.linkonce.r*)

.rel.data
 *(.rel.data)
 *(.rel.data.*)
 *(.rel.gnu.linkonce.d*)

.rela.data
 *(.rela.data)
 *(.rela.data.*)
 *(.rela.gnu.linkonce.d*)

.rel.ctors
 *(.rel.ctors)

.rela.ctors
 *(.rela.ctors)

.rel.dtors
 *(.rel.dtors)

.rela.dtors
 *(.rela.dtors)

.rel.got
 *(.rel.got)

.rela.got
 *(.rela.got)

.rel.bss
 *(.rel.bss)

.rela.bss
 *(.rela.bss)

.rel.plt
 *(.rel.plt)

.rela.plt
 *(.rela.plt)

.text           0x00000000      0xa92
 *(.vectors)
 .vectors       0x00000000       0x54 c:/winavr-20100110/bin/../lib/gcc/avr/4.3.3/../../../../avr/lib/avr5/crtm32.o
                0x00000000                __vectors
                0x00000000                __vector_default
 *(.vectors)
 *(.progmem.gcc*)
 *(.progmem*)
                0x00000054                . = ALIGN (0x2)
                0x00000054                __trampolines_start = .
 *(.trampolines)
 .trampolines   0x00000054        0x0 linker stubs
 *(.trampolines*)
                0x00000054                __trampolines_end = .
 *(.jumptables)
 *(.jumptables*)
 *(.lowtext)
 *(.lowtext*)
                0x00000054                __ctors_start = .
 *(.ctors)
                0x00000054                __ctors_end = .
                0x00000054                __dtors_start = .
 *(.dtors)
                0x00000054                __dtors_end = .
 SORT(*)(.ctors)
 SORT(*)(.dtors)
 *(.init0)
 .init0         0x00000054        0x0 c:/winavr-20100110/bin/../lib/gcc/avr/4.3.3/../../../../avr/lib/avr5/crtm32.o
                0x00000054                __init
 *(.init0)
 *(.init1)
 *(.init1)
 *(.init2)
 .init2         0x00000054        0xc c:/winavr-20100110/bin/../lib/gcc/avr/4.3.3/../../../../avr/lib/avr5/crtm32.o
 *(.init2)
 *(.init3)
 *(.init3)
 *(.init4)
 .init4         0x00000060       0x16 c:/winavr-20100110/bin/../lib/gcc/avr/4.3.3/avr5\libgcc.a(_copy_data.o)
                0x00000060                __do_copy_data
 .init4         0x00000076       0x10 c:/winavr-20100110/bin/../lib/gcc/avr/4.3.3/avr5\libgcc.a(_clear_bss.o)
                0x00000076                __do_clear_bss
 *(.init4)
 *(.init5)
 *(.init5)
 *(.init6)
 *(.init6)
 *(.init7)
 *(.init7)
 *(.init8)
 *(.init8)
 *(.init9)
 .init9         0x00000086        0x8 c:/winavr-20100110/bin/../lib/gcc/avr/4.3.3/../../../../avr/lib/avr5/crtm32.o
 *(.init9)
 *(.text)
 .text          0x0000008e        0x4 c:/winavr-20100110/bin/../lib/gcc/avr/4.3.3/../../../../avr/lib/avr5/crtm32.o
                0x0000008e                __vector_1
                0x0000008e                __vector_12
                0x0000008e                __bad_interrupt
                0x0000008e                __vector_6
                0x0000008e                __vector_3
                0x0000008e                __vector_13
                0x0000008e                __vector_17
                0x0000008e                __vector_19
                0x0000008e                __vector_7
                0x0000008e                __vector_5
                0x0000008e                __vector_4
                0x0000008e                __vector_9
                0x0000008e                __vector_2
                0x0000008e                __vector_15
                0x0000008e                __vector_8
                0x0000008e                __vector_14
                0x0000008e                __vector_16
                0x0000008e                __vector_18
                0x0000008e                __vector_20
 .text          0x00000092        0x0 ./CLCD_prog.o
 .text          0x00000092        0x0 ./DIO-prog.o
 .text          0x00000092        0x0 ./TIM0_prog.o
 .text          0x00000092        0x0 ./main.o
 .text          0x00000092        0x0 c:/winavr-20100110/bin/../lib/gcc/avr/4.3.3/avr5\libgcc.a(_exit.o)
 .text          0x00000092        0x0 c:/winavr-20100110/bin/../lib/gcc/avr/4.3.3/avr5\libgcc.a(_copy_data.o)
 .text          0x00000092        0x0 c:/winavr-20100110/bin/../lib/gcc/avr/4.3.3/avr5\libgcc.a(_clear_bss.o)
                0x00000092                . = ALIGN (0x2)
 *(.text.*)
 .text.CLC_voidInit
                0x00000092       0xc8 ./CLCD_prog.o
                0x00000092                CLC_voidInit
 .text.CLCD_u8WriteComand
                0x0000015a       0xb8 ./CLCD_prog.o
                0x0000015a                CLCD_u8WriteComand
 .text.CLCD_u8WriteDataChar
                0x00000212       0xb8 ./CLCD_prog.o
                0x00000212                CLCD_u8WriteDataChar
 .text.CLCD_u8WriteDataStr
                0x000002ca       0xdc ./CLCD_prog.o
                0x000002ca                CLCD_u8WriteDataStr
 .text.CLCD_u8ReadBF
                0x000003a6       0x6a ./CLCD_prog.o
                0x000003a6                CLCD_u8ReadBF
 .text.CLCD_u8WriteOnCGRam
                0x00000410       0x80 ./CLCD_prog.o
                0x00000410                CLCD_u8WriteOnCGRam
 .text.DIO_voidInit
                0x00000490       0x80 ./DIO-prog.o
                0x00000490                DIO_voidInit
 .text.DIO_u8ReadPinVal
                0x00000510       0xae ./DIO-prog.o
                0x00000510                DIO_u8ReadPinVal
 .text.DIO_u8WritePinVal
                0x000005be       0xa8 ./DIO-prog.o
                0x000005be                DIO_u8WritePinVal
 .text.DIO_u8ReadPortVal
                0x00000666       0x4e ./DIO-prog.o
                0x00000666                DIO_u8ReadPortVal
 .text.DIO_u8WritePortVal
                0x000006b4       0x46 ./DIO-prog.o
                0x000006b4                DIO_u8WritePortVal
 .text.DIO_u8WritePinDir
                0x000006fa       0xa8 ./DIO-prog.o
                0x000006fa                DIO_u8WritePinDir
 .text.DIO_u8WritePortDir
                0x000007a2       0x46 ./DIO-prog.o
                0x000007a2                DIO_u8WritePortDir
 .text.DIO_u8ReadPinDir
                0x000007e8       0x96 ./DIO-prog.o
                0x000007e8                DIO_u8ReadPinDir
 .text.DIO_u8ReadPortDir
                0x0000087e       0x4e ./DIO-prog.o
                0x0000087e                DIO_u8ReadPortDir
 .text.TIM0_voidInit
                0x000008cc       0x36 ./TIM0_prog.o
                0x000008cc                TIM0_voidInit
 .text.TIM0_u8SetTime
                0x00000902       0x56 ./TIM0_prog.o
                0x00000902                TIM0_u8SetTime
 .text.TIM0_voiResetTimer
                0x00000958       0x1e ./TIM0_prog.o
                0x00000958                TIM0_voiResetTimer
 .text.TIM0_voiResetTimFlg
                0x00000976       0x12 ./TIM0_prog.o
                0x00000976                TIM0_voiResetTimFlg
 .text.TIM0_u8TimerEnabl
                0x00000988       0x1c ./TIM0_prog.o
                0x00000988                TIM0_u8TimerEnabl
 .text.TIM0_u8TimerDisabl
                0x000009a4       0x1c ./TIM0_prog.o
                0x000009a4                TIM0_u8TimerDisabl
 .text.TIM0_u8GetTimFlg
                0x000009c0       0x12 ./TIM0_prog.o
                0x000009c0                TIM0_u8GetTimFlg
 .text.TIM0_voidSetComp
                0x000009d2       0x1c ./TIM0_prog.o
                0x000009d2                TIM0_voidSetComp
 .text.__vector_11
                0x000009ee       0x3a ./TIM0_prog.o
                0x000009ee                __vector_11
 .text.__vector_10
                0x00000a28       0x3a ./TIM0_prog.o
                0x00000a28                __vector_10
 .text.main     0x00000a62       0x2c ./main.o
                0x00000a62                main
 .text.libgcc   0x00000a8e        0x0 c:/winavr-20100110/bin/../lib/gcc/avr/4.3.3/avr5\libgcc.a(_exit.o)
 .text.libgcc   0x00000a8e        0x0 c:/winavr-20100110/bin/../lib/gcc/avr/4.3.3/avr5\libgcc.a(_copy_data.o)
 .text.libgcc   0x00000a8e        0x0 c:/winavr-20100110/bin/../lib/gcc/avr/4.3.3/avr5\libgcc.a(_clear_bss.o)
                0x00000a8e                . = ALIGN (0x2)
 *(.fini9)
 .fini9         0x00000a8e        0x0 c:/winavr-20100110/bin/../lib/gcc/avr/4.3.3/avr5\libgcc.a(_exit.o)
                0x00000a8e                exit
                0x00000a8e                _exit
 *(.fini9)
 *(.fini8)
 *(.fini8)
 *(.fini7)
 *(.fini7)
 *(.fini6)
 *(.fini6)
 *(.fini5)
 *(.fini5)
 *(.fini4)
 *(.fini4)
 *(.fini3)
 *(.fini3)
 *(.fini2)
 *(.fini2)
 *(.fini1)
 *(.fini1)
 *(.fini0)
 .fini0         0x00000a8e        0x4 c:/winavr-20100110/bin/../lib/gcc/avr/4.3.3/avr5\libgcc.a(_exit.o)
 *(.fini0)
                0x00000a92                _etext = .

.data           0x00800060       0x24 load address 0x00000a92
                0x00800060                PROVIDE (__data_start, .)
 *(.data)
 .data          0x00800060        0x0 c:/winavr-20100110/bin/../lib/gcc/avr/4.3.3/../../../../avr/lib/avr5/crtm32.o
 .data          0x00800060        0x0 ./CLCD_prog.o
 .data          0x00800060        0x0 ./DIO-prog.o
 .data          0x00800060        0x0 ./TIM0_prog.o
 .data          0x00800060        0x0 ./main.o
 .data          0x00800060        0x0 c:/winavr-20100110/bin/../lib/gcc/avr/4.3.3/avr5\libgcc.a(_exit.o)
 .data          0x00800060        0x0 c:/winavr-20100110/bin/../lib/gcc/avr/4.3.3/avr5\libgcc.a(_copy_data.o)
 .data          0x00800060        0x0 c:/winavr-20100110/bin/../lib/gcc/avr/4.3.3/avr5\libgcc.a(_clear_bss.o)
 *(.data*)
 .data.DIO_Check
                0x00800060        0x2 ./DIO-prog.o
 *(.rodata)
 *(.rodata*)
 .rodata.CLC_u8DataArr
                0x00800062        0x8 ./CLCD_prog.o
                0x00800062                CLC_u8DataArr
 .rodata.CHKerr
                0x0080006a        0x2 ./CLCD_prog.o
                0x0080006a                CHKerr
 .rodata.DIO_u8Ports
                0x0080006c        0x8 ./DIO-prog.o
 .rodata.DIO_u8Ddrs
                0x00800074        0x8 ./DIO-prog.o
 .rodata.DIO_u8Pins
                0x0080007c        0x8 ./DIO-prog.o
 *(.gnu.linkonce.d*)
                0x00800084                . = ALIGN (0x2)
                0x00800084                _edata = .
                0x00800084                PROVIDE (__data_end, .)

.bss            0x00800084        0x9
                0x00800084                PROVIDE (__bss_start, .)
 *(.bss)
 .bss           0x00800084        0x0 c:/winavr-20100110/bin/../lib/gcc/avr/4.3.3/../../../../avr/lib/avr5/crtm32.o
 .bss           0x00800084        0x0 ./CLCD_prog.o
 .bss           0x00800084        0x0 ./DIO-prog.o
 .bss           0x00800084        0x0 ./TIM0_prog.o
 .bss           0x00800084        0x0 ./main.o
 .bss           0x00800084        0x0 c:/winavr-20100110/bin/../lib/gcc/avr/4.3.3/avr5\libgcc.a(_exit.o)
 .bss           0x00800084        0x0 c:/winavr-20100110/bin/../lib/gcc/avr/4.3.3/avr5\libgcc.a(_copy_data.o)
 .bss           0x00800084        0x0 c:/winavr-20100110/bin/../lib/gcc/avr/4.3.3/avr5\libgcc.a(_clear_bss.o)
 *(.bss*)
 .bss.TIM0_OFCOUNT
                0x00800084        0x2 ./TIM0_prog.o
                0x00800084                TIM0_OFCOUNT
 .bss.TIM0_CMCOUNT
                0x00800086        0x2 ./TIM0_prog.o
                0x00800086                TIM0_CMCOUNT
 .bss.TIM0_u8TimeFlag
                0x00800088        0x1 ./TIM0_prog.o
                0x00800088                TIM0_u8TimeFlag
 *(COMMON)
 COMMON         0x00800089        0x4 ./TIM0_prog.o
                0x00800089                TIM0_u8TIME_OVFLW
                0x0080008b                TIM0_u8TIME_OCOMP
                0x0080008d                PROVIDE (__bss_end, .)
                0x00000a92                __data_load_start = LOADADDR (.data)
                0x00000ab6                __data_load_end = (__data_load_start + SIZEOF (.data))

.noinit         0x0080008d        0x0
                0x0080008d                PROVIDE (__noinit_start, .)
 *(.noinit*)
                0x0080008d                PROVIDE (__noinit_end, .)
                0x0080008d                _end = .
                0x0080008d                PROVIDE (__heap_start, .)

.eeprom         0x00810000        0x0
 *(.eeprom*)
                0x00810000                __eeprom_end = .

.fuse
 *(.fuse)
 *(.lfuse)
 *(.hfuse)
 *(.efuse)

.lock
 *(.lock*)

.signature
 *(.signature*)

.stab           0x00000000     0x12e4
 *(.stab)
 .stab          0x00000000      0x6cc ./CLCD_prog.o
 .stab          0x000006cc      0x714 ./DIO-prog.o
                                0x780 (size before relaxing)
 .stab          0x00000de0      0x378 ./TIM0_prog.o
                                0x3e4 (size before relaxing)
 .stab          0x00001158      0x18c ./main.o
                                0x1f8 (size before relaxing)

.stabstr        0x00000000      0x8f1
 *(.stabstr)
 .stabstr       0x00000000      0x8f1 ./CLCD_prog.o

.stab.excl
 *(.stab.excl)

.stab.exclstr
 *(.stab.exclstr)

.stab.index
 *(.stab.index)

.stab.indexstr
 *(.stab.indexstr)

.comment
 *(.comment)

.debug
 *(.debug)

.line
 *(.line)

.debug_srcinfo
 *(.debug_srcinfo)

.debug_sfnames
 *(.debug_sfnames)

.debug_aranges
 *(.debug_aranges)

.debug_pubnames
 *(.debug_pubnames)

.debug_info
 *(.debug_info)
 *(.gnu.linkonce.wi.*)

.debug_abbrev
 *(.debug_abbrev)

.debug_line
 *(.debug_line)

.debug_frame
 *(.debug_frame)

.debug_str
 *(.debug_str)

.debug_loc
 *(.debug_loc)

.debug_macinfo
 *(.debug_macinfo)
OUTPUT(Timer_0.elf elf32-avr)
LOAD linker stubs
