Archive member included because of file (symbol)

c:/winavr-20100110/bin/../lib/gcc/avr/4.3.3/avr5\libgcc.a(_exit.o)
                              c:/winavr-20100110/bin/../lib/gcc/avr/4.3.3/../../../../avr/lib/avr5/crtm16.o (exit)
c:/winavr-20100110/bin/../lib/gcc/avr/4.3.3/avr5\libgcc.a(_copy_data.o)
                              ./rx_example/main.o (__do_copy_data)
c:/winavr-20100110/bin/../lib/gcc/avr/4.3.3/avr5\libgcc.a(_clear_bss.o)
                              ./rx_example/main.o (__do_clear_bss)

Allocating common symbols
Common symbol       size              file

temp                0x1               ./rx_example/main.o
data_array          0x4               ./rx_example/main.o
payload_len         0x1               ./nrf24.o

Memory Configuration

Name             Origin             Length             Attributes
text             0x00000000         0x00020000         xr
data             0x00800060         0x0000ffa0         rw !x
eeprom           0x00810000         0x00010000         rw !x
fuse             0x00820000         0x00000400         rw !x
lock             0x00830000         0x00000400         rw !x
signature        0x00840000         0x00000400         rw !x
*default*        0x00000000         0xffffffff

Linker script and memory map

LOAD c:/winavr-20100110/bin/../lib/gcc/avr/4.3.3/../../../../avr/lib/avr5/crtm16.o
LOAD ./rx_example/main.o
LOAD ./DIO-prog.o
LOAD ./nrf24.o
LOAD c:/winavr-20100110/bin/../lib/gcc/avr/4.3.3/avr5\libgcc.a
LOAD c:/winavr-20100110/bin/../lib/gcc/avr/4.3.3/../../../../avr/lib/avr5\libc.a
LOAD c:/winavr-20100110/bin/../lib/gcc/avr/4.3.3/avr5\libgcc.a

.hash
 *(.hash)

.dynsym
 *(.dynsym)

.dynstr
 *(.dynstr)

.gnu.version
 *(.gnu.version)

.gnu.version_d
 *(.gnu.version_d)

.gnu.version_r
 *(.gnu.version_r)

.rel.init
 *(.rel.init)

.rela.init
 *(.rela.init)

.rel.text
 *(.rel.text)
 *(.rel.text.*)
 *(.rel.gnu.linkonce.t*)

.rela.text
 *(.rela.text)
 *(.rela.text.*)
 *(.rela.gnu.linkonce.t*)

.rel.fini
 *(.rel.fini)

.rela.fini
 *(.rela.fini)

.rel.rodata
 *(.rel.rodata)
 *(.rel.rodata.*)
 *(.rel.gnu.linkonce.r*)

.rela.rodata
 *(.rela.rodata)
 *(.rela.rodata.*)
 *(.rela.gnu.linkonce.r*)

.rel.data
 *(.rel.data)
 *(.rel.data.*)
 *(.rel.gnu.linkonce.d*)

.rela.data
 *(.rela.data)
 *(.rela.data.*)
 *(.rela.gnu.linkonce.d*)

.rel.ctors
 *(.rel.ctors)

.rela.ctors
 *(.rela.ctors)

.rel.dtors
 *(.rel.dtors)

.rela.dtors
 *(.rela.dtors)

.rel.got
 *(.rel.got)

.rela.got
 *(.rela.got)

.rel.bss
 *(.rel.bss)

.rela.bss
 *(.rela.bss)

.rel.plt
 *(.rel.plt)

.rela.plt
 *(.rela.plt)

.text           0x00000000      0xb78
 *(.vectors)
 .vectors       0x00000000       0x54 c:/winavr-20100110/bin/../lib/gcc/avr/4.3.3/../../../../avr/lib/avr5/crtm16.o
                0x00000000                __vectors
                0x00000000                __vector_default
 *(.vectors)
 *(.progmem.gcc*)
 *(.progmem*)
                0x00000054                . = ALIGN (0x2)
                0x00000054                __trampolines_start = .
 *(.trampolines)
 .trampolines   0x00000054        0x0 linker stubs
 *(.trampolines*)
                0x00000054                __trampolines_end = .
 *(.jumptables)
 *(.jumptables*)
 *(.lowtext)
 *(.lowtext*)
                0x00000054                __ctors_start = .
 *(.ctors)
                0x00000054                __ctors_end = .
                0x00000054                __dtors_start = .
 *(.dtors)
                0x00000054                __dtors_end = .
 SORT(*)(.ctors)
 SORT(*)(.dtors)
 *(.init0)
 .init0         0x00000054        0x0 c:/winavr-20100110/bin/../lib/gcc/avr/4.3.3/../../../../avr/lib/avr5/crtm16.o
                0x00000054                __init
 *(.init0)
 *(.init1)
 *(.init1)
 *(.init2)
 .init2         0x00000054        0xc c:/winavr-20100110/bin/../lib/gcc/avr/4.3.3/../../../../avr/lib/avr5/crtm16.o
 *(.init2)
 *(.init3)
 *(.init3)
 *(.init4)
 .init4         0x00000060       0x16 c:/winavr-20100110/bin/../lib/gcc/avr/4.3.3/avr5\libgcc.a(_copy_data.o)
                0x00000060                __do_copy_data
 .init4         0x00000076       0x10 c:/winavr-20100110/bin/../lib/gcc/avr/4.3.3/avr5\libgcc.a(_clear_bss.o)
                0x00000076                __do_clear_bss
 *(.init4)
 *(.init5)
 *(.init5)
 *(.init6)
 *(.init6)
 *(.init7)
 *(.init7)
 *(.init8)
 *(.init8)
 *(.init9)
 .init9         0x00000086        0x8 c:/winavr-20100110/bin/../lib/gcc/avr/4.3.3/../../../../avr/lib/avr5/crtm16.o
 *(.init9)
 *(.text)
 .text          0x0000008e        0x4 c:/winavr-20100110/bin/../lib/gcc/avr/4.3.3/../../../../avr/lib/avr5/crtm16.o
                0x0000008e                __vector_1
                0x0000008e                __vector_12
                0x0000008e                __bad_interrupt
                0x0000008e                __vector_6
                0x0000008e                __vector_3
                0x0000008e                __vector_11
                0x0000008e                __vector_13
                0x0000008e                __vector_17
                0x0000008e                __vector_19
                0x0000008e                __vector_7
                0x0000008e                __vector_5
                0x0000008e                __vector_4
                0x0000008e                __vector_9
                0x0000008e                __vector_2
                0x0000008e                __vector_15
                0x0000008e                __vector_8
                0x0000008e                __vector_14
                0x0000008e                __vector_10
                0x0000008e                __vector_16
                0x0000008e                __vector_18
                0x0000008e                __vector_20
 .text          0x00000092        0x0 ./rx_example/main.o
 .text          0x00000092        0x0 ./DIO-prog.o
 .text          0x00000092        0x0 ./nrf24.o
 .text          0x00000092        0x0 c:/winavr-20100110/bin/../lib/gcc/avr/4.3.3/avr5\libgcc.a(_exit.o)
 .text          0x00000092        0x0 c:/winavr-20100110/bin/../lib/gcc/avr/4.3.3/avr5\libgcc.a(_copy_data.o)
 .text          0x00000092        0x0 c:/winavr-20100110/bin/../lib/gcc/avr/4.3.3/avr5\libgcc.a(_clear_bss.o)
                0x00000092                . = ALIGN (0x2)
 *(.text.*)
 .text.main     0x00000092       0x3a ./rx_example/main.o
                0x00000092                main
 .text.DIO_voidInit
                0x000000cc       0x72 ./DIO-prog.o
                0x000000cc                DIO_voidInit
 .text.DIO_u8ReadPinVal
                0x0000013e       0x96 ./DIO-prog.o
                0x0000013e                DIO_u8ReadPinVal
 .text.DIO_u8WritePinVal
                0x000001d4       0xfc ./DIO-prog.o
                0x000001d4                DIO_u8WritePinVal
 .text.DIO_u8ReadPortVal
                0x000002d0       0x4e ./DIO-prog.o
                0x000002d0                DIO_u8ReadPortVal
 .text.DIO_u8WritePortVal
                0x0000031e       0x68 ./DIO-prog.o
                0x0000031e                DIO_u8WritePortVal
 .text.DIO_u8WritePinDir
                0x00000386       0xa8 ./DIO-prog.o
                0x00000386                DIO_u8WritePinDir
 .text.DIO_u8WritePortDir
                0x0000042e       0x46 ./DIO-prog.o
                0x0000042e                DIO_u8WritePortDir
 .text.DIO_u8ReadPinDir
                0x00000474       0x96 ./DIO-prog.o
                0x00000474                DIO_u8ReadPinDir
 .text.DIO_u8ReadPortDir
                0x0000050a       0x4e ./DIO-prog.o
                0x0000050a                DIO_u8ReadPortDir
 .text.nrf24_init
                0x00000558       0x22 ./nrf24.o
                0x00000558                nrf24_init
 .text.nrf24_config
                0x0000057a       0x8e ./nrf24.o
                0x0000057a                nrf24_config
 .text.nrf24_rx_address
                0x00000608       0x36 ./nrf24.o
                0x00000608                nrf24_rx_address
 .text.nrf24_payload_length
                0x0000063e       0x12 ./nrf24.o
                0x0000063e                nrf24_payload_length
 .text.nrf24_tx_address
                0x00000650       0x34 ./nrf24.o
                0x00000650                nrf24_tx_address
 .text.nrf24_dataReady
                0x00000684       0x3e ./nrf24.o
                0x00000684                nrf24_dataReady
 .text.nrf24_rxFifoEmpty
                0x000006c2       0x26 ./nrf24.o
                0x000006c2                nrf24_rxFifoEmpty
 .text.nrf24_payloadLength
                0x000006e8       0x32 ./nrf24.o
                0x000006e8                nrf24_payloadLength
 .text.nrf24_getData
                0x0000071a       0x4a ./nrf24.o
                0x0000071a                nrf24_getData
 .text.nrf24_retransmissionCount
                0x00000764       0x2a ./nrf24.o
                0x00000764                nrf24_retransmissionCount
 .text.nrf24_send
                0x0000078e       0x66 ./nrf24.o
                0x0000078e                nrf24_send
 .text.nrf24_isSending
                0x000007f4       0x32 ./nrf24.o
                0x000007f4                nrf24_isSending
 .text.nrf24_getStatus
                0x00000826       0x2c ./nrf24.o
                0x00000826                nrf24_getStatus
 .text.nrf24_lastMessageStatus
                0x00000852       0x46 ./nrf24.o
                0x00000852                nrf24_lastMessageStatus
 .text.nrf24_powerUpRx
                0x00000898       0x44 ./nrf24.o
                0x00000898                nrf24_powerUpRx
 .text.nrf24_powerUpTx
                0x000008dc       0x1e ./nrf24.o
                0x000008dc                nrf24_powerUpTx
 .text.nrf24_powerDown
                0x000008fa       0x1e ./nrf24.o
                0x000008fa                nrf24_powerDown
 .text.spi_transfer
                0x00000918       0xa8 ./nrf24.o
                0x00000918                spi_transfer
 .text.nrf24_transferSync
                0x000009c0       0x6e ./nrf24.o
                0x000009c0                nrf24_transferSync
 .text.nrf24_transmitSync
                0x00000a2e       0x48 ./nrf24.o
                0x00000a2e                nrf24_transmitSync
 .text.nrf24_configRegister
                0x00000a76       0x38 ./nrf24.o
                0x00000a76                nrf24_configRegister
 .text.nrf24_readRegister
                0x00000aae       0x4a ./nrf24.o
                0x00000aae                nrf24_readRegister
 .text.nrf24_writeRegister
                0x00000af8       0x46 ./nrf24.o
                0x00000af8                nrf24_writeRegister
 .text.nrf24_setupPins
                0x00000b3e       0x36 ./nrf24.o
                0x00000b3e                nrf24_setupPins
 .text.libgcc   0x00000b74        0x0 c:/winavr-20100110/bin/../lib/gcc/avr/4.3.3/avr5\libgcc.a(_exit.o)
 .text.libgcc   0x00000b74        0x0 c:/winavr-20100110/bin/../lib/gcc/avr/4.3.3/avr5\libgcc.a(_copy_data.o)
 .text.libgcc   0x00000b74        0x0 c:/winavr-20100110/bin/../lib/gcc/avr/4.3.3/avr5\libgcc.a(_clear_bss.o)
                0x00000b74                . = ALIGN (0x2)
 *(.fini9)
 .fini9         0x00000b74        0x0 c:/winavr-20100110/bin/../lib/gcc/avr/4.3.3/avr5\libgcc.a(_exit.o)
                0x00000b74                exit
                0x00000b74                _exit
 *(.fini9)
 *(.fini8)
 *(.fini8)
 *(.fini7)
 *(.fini7)
 *(.fini6)
 *(.fini6)
 *(.fini5)
 *(.fini5)
 *(.fini4)
 *(.fini4)
 *(.fini3)
 *(.fini3)
 *(.fini2)
 *(.fini2)
 *(.fini1)
 *(.fini1)
 *(.fini0)
 .fini0         0x00000b74        0x4 c:/winavr-20100110/bin/../lib/gcc/avr/4.3.3/avr5\libgcc.a(_exit.o)
 *(.fini0)
                0x00000b78                _etext = .

.data           0x00800060       0x22 load address 0x00000b78
                0x00800060                PROVIDE (__data_start, .)
 *(.data)
 .data          0x00800060        0x0 c:/winavr-20100110/bin/../lib/gcc/avr/4.3.3/../../../../avr/lib/avr5/crtm16.o
 .data          0x00800060        0x0 ./rx_example/main.o
 .data          0x00800060        0x0 ./DIO-prog.o
 .data          0x00800060        0x0 ./nrf24.o
 .data          0x00800060        0x0 c:/winavr-20100110/bin/../lib/gcc/avr/4.3.3/avr5\libgcc.a(_exit.o)
 .data          0x00800060        0x0 c:/winavr-20100110/bin/../lib/gcc/avr/4.3.3/avr5\libgcc.a(_copy_data.o)
 .data          0x00800060        0x0 c:/winavr-20100110/bin/../lib/gcc/avr/4.3.3/avr5\libgcc.a(_clear_bss.o)
 *(.data*)
 .data.tx_address
                0x00800060        0x5 ./rx_example/main.o
                0x00800060                tx_address
 .data.rx_address
                0x00800065        0x5 ./rx_example/main.o
                0x00800065                rx_address
 *(.rodata)
 *(.rodata*)
 .rodata.DIO_u8Ports
                0x0080006a        0x8 ./DIO-prog.o
 .rodata.DIO_u8Ddrs
                0x00800072        0x8 ./DIO-prog.o
 .rodata.DIO_u8Pins
                0x0080007a        0x8 ./DIO-prog.o
 *(.gnu.linkonce.d*)
                0x00800082                . = ALIGN (0x2)
                0x00800082                _edata = .
                0x00800082                PROVIDE (__data_end, .)

.bss            0x00800082        0x7
                0x00800082                PROVIDE (__bss_start, .)
 *(.bss)
 .bss           0x00800082        0x0 c:/winavr-20100110/bin/../lib/gcc/avr/4.3.3/../../../../avr/lib/avr5/crtm16.o
 .bss           0x00800082        0x0 ./rx_example/main.o
 .bss           0x00800082        0x0 ./DIO-prog.o
 .bss           0x00800082        0x0 ./nrf24.o
 .bss           0x00800082        0x0 c:/winavr-20100110/bin/../lib/gcc/avr/4.3.3/avr5\libgcc.a(_exit.o)
 .bss           0x00800082        0x0 c:/winavr-20100110/bin/../lib/gcc/avr/4.3.3/avr5\libgcc.a(_copy_data.o)
 .bss           0x00800082        0x0 c:/winavr-20100110/bin/../lib/gcc/avr/4.3.3/avr5\libgcc.a(_clear_bss.o)
 *(.bss*)
 .bss.q         0x00800082        0x1 ./rx_example/main.o
                0x00800082                q
 *(COMMON)
 COMMON         0x00800083        0x5 ./rx_example/main.o
                0x00800083                temp
                0x00800084                data_array
 COMMON         0x00800088        0x1 ./nrf24.o
                0x00800088                payload_len
                0x00800089                PROVIDE (__bss_end, .)
                0x00000b78                __data_load_start = LOADADDR (.data)
                0x00000b9a                __data_load_end = (__data_load_start + SIZEOF (.data))

.noinit         0x00800089        0x0
                0x00800089                PROVIDE (__noinit_start, .)
 *(.noinit*)
                0x00800089                PROVIDE (__noinit_end, .)
                0x00800089                _end = .
                0x00800089                PROVIDE (__heap_start, .)

.eeprom         0x00810000        0x0
 *(.eeprom*)
                0x00810000                __eeprom_end = .

.fuse
 *(.fuse)
 *(.lfuse)
 *(.hfuse)
 *(.efuse)

.lock
 *(.lock*)

.signature
 *(.signature*)

.stab           0x00000000     0x1794
 *(.stab)
 .stab          0x00000000      0x30c ./rx_example/main.o
 .stab          0x0000030c      0x828 ./DIO-prog.o
                                0x834 (size before relaxing)
 .stab          0x00000b34      0xc60 ./nrf24.o
                                0xe28 (size before relaxing)

.stabstr        0x00000000      0xc78
 *(.stabstr)
 .stabstr       0x00000000      0xc78 ./rx_example/main.o

.stab.excl
 *(.stab.excl)

.stab.exclstr
 *(.stab.exclstr)

.stab.index
 *(.stab.index)

.stab.indexstr
 *(.stab.indexstr)

.comment
 *(.comment)

.debug
 *(.debug)

.line
 *(.line)

.debug_srcinfo
 *(.debug_srcinfo)

.debug_sfnames
 *(.debug_sfnames)

.debug_aranges
 *(.debug_aranges)

.debug_pubnames
 *(.debug_pubnames)

.debug_info
 *(.debug_info)
 *(.gnu.linkonce.wi.*)

.debug_abbrev
 *(.debug_abbrev)

.debug_line
 *(.debug_line)

.debug_frame
 *(.debug_frame)

.debug_str
 *(.debug_str)

.debug_loc
 *(.debug_loc)

.debug_macinfo
 *(.debug_macinfo)
OUTPUT(NRFRx.elf elf32-avr)
LOAD linker stubs
