Archive member included because of file (symbol)

c:/winavr-20100110/bin/../lib/gcc/avr/4.3.3/avr5\libgcc.a(_divmodhi4.o)
                              ./TIM0_prog.o (__divmodhi4)
c:/winavr-20100110/bin/../lib/gcc/avr/4.3.3/avr5\libgcc.a(_exit.o)
                              c:/winavr-20100110/bin/../lib/gcc/avr/4.3.3/../../../../avr/lib/avr5/crtm16.o (exit)
c:/winavr-20100110/bin/../lib/gcc/avr/4.3.3/avr5\libgcc.a(_copy_data.o)
                              ./ADC_prog.o (__do_copy_data)
c:/winavr-20100110/bin/../lib/gcc/avr/4.3.3/avr5\libgcc.a(_clear_bss.o)
                              ./TIM0_prog.o (__do_clear_bss)
c:/winavr-20100110/bin/../lib/gcc/avr/4.3.3/avr5\libgcc.a(_udivmodhi4.o)
                              c:/winavr-20100110/bin/../lib/gcc/avr/4.3.3/avr5\libgcc.a(_divmodhi4.o) (__udivmodhi4)

Allocating common symbols
Common symbol       size              file

TIM0_u8TIME_OVFLW   0x2               ./TIM0_prog.o
TIM0_u8TIME_OCOMP   0x2               ./TIM0_prog.o

Memory Configuration

Name             Origin             Length             Attributes
text             0x00000000         0x00020000         xr
data             0x00800060         0x0000ffa0         rw !x
eeprom           0x00810000         0x00010000         rw !x
fuse             0x00820000         0x00000400         rw !x
lock             0x00830000         0x00000400         rw !x
signature        0x00840000         0x00000400         rw !x
*default*        0x00000000         0xffffffff

Linker script and memory map

LOAD c:/winavr-20100110/bin/../lib/gcc/avr/4.3.3/../../../../avr/lib/avr5/crtm16.o
LOAD ./ADC_prog.o
LOAD ./DIO-prog.o
LOAD ./TIM0_prog.o
LOAD ./main.o
LOAD c:/winavr-20100110/bin/../lib/gcc/avr/4.3.3/avr5\libgcc.a
LOAD c:/winavr-20100110/bin/../lib/gcc/avr/4.3.3/../../../../avr/lib/avr5\libc.a
LOAD c:/winavr-20100110/bin/../lib/gcc/avr/4.3.3/avr5\libgcc.a

.hash
 *(.hash)

.dynsym
 *(.dynsym)

.dynstr
 *(.dynstr)

.gnu.version
 *(.gnu.version)

.gnu.version_d
 *(.gnu.version_d)

.gnu.version_r
 *(.gnu.version_r)

.rel.init
 *(.rel.init)

.rela.init
 *(.rela.init)

.rel.text
 *(.rel.text)
 *(.rel.text.*)
 *(.rel.gnu.linkonce.t*)

.rela.text
 *(.rela.text)
 *(.rela.text.*)
 *(.rela.gnu.linkonce.t*)

.rel.fini
 *(.rel.fini)

.rela.fini
 *(.rela.fini)

.rel.rodata
 *(.rel.rodata)
 *(.rel.rodata.*)
 *(.rel.gnu.linkonce.r*)

.rela.rodata
 *(.rela.rodata)
 *(.rela.rodata.*)
 *(.rela.gnu.linkonce.r*)

.rel.data
 *(.rel.data)
 *(.rel.data.*)
 *(.rel.gnu.linkonce.d*)

.rela.data
 *(.rela.data)
 *(.rela.data.*)
 *(.rela.gnu.linkonce.d*)

.rel.ctors
 *(.rel.ctors)

.rela.ctors
 *(.rela.ctors)

.rel.dtors
 *(.rel.dtors)

.rela.dtors
 *(.rela.dtors)

.rel.got
 *(.rel.got)

.rela.got
 *(.rela.got)

.rel.bss
 *(.rel.bss)

.rela.bss
 *(.rela.bss)

.rel.plt
 *(.rel.plt)

.rela.plt
 *(.rela.plt)

.text           0x00000000      0xae6
 *(.vectors)
 .vectors       0x00000000       0x54 c:/winavr-20100110/bin/../lib/gcc/avr/4.3.3/../../../../avr/lib/avr5/crtm16.o
                0x00000000                __vectors
                0x00000000                __vector_default
 *(.vectors)
 *(.progmem.gcc*)
 *(.progmem*)
                0x00000054                . = ALIGN (0x2)
                0x00000054                __trampolines_start = .
 *(.trampolines)
 .trampolines   0x00000054        0x0 linker stubs
 *(.trampolines*)
                0x00000054                __trampolines_end = .
 *(.jumptables)
 *(.jumptables*)
 *(.lowtext)
 *(.lowtext*)
                0x00000054                __ctors_start = .
 *(.ctors)
                0x00000054                __ctors_end = .
                0x00000054                __dtors_start = .
 *(.dtors)
                0x00000054                __dtors_end = .
 SORT(*)(.ctors)
 SORT(*)(.dtors)
 *(.init0)
 .init0         0x00000054        0x0 c:/winavr-20100110/bin/../lib/gcc/avr/4.3.3/../../../../avr/lib/avr5/crtm16.o
                0x00000054                __init
 *(.init0)
 *(.init1)
 *(.init1)
 *(.init2)
 .init2         0x00000054        0xc c:/winavr-20100110/bin/../lib/gcc/avr/4.3.3/../../../../avr/lib/avr5/crtm16.o
 *(.init2)
 *(.init3)
 *(.init3)
 *(.init4)
 .init4         0x00000060       0x16 c:/winavr-20100110/bin/../lib/gcc/avr/4.3.3/avr5\libgcc.a(_copy_data.o)
                0x00000060                __do_copy_data
 .init4         0x00000076       0x10 c:/winavr-20100110/bin/../lib/gcc/avr/4.3.3/avr5\libgcc.a(_clear_bss.o)
                0x00000076                __do_clear_bss
 *(.init4)
 *(.init5)
 *(.init5)
 *(.init6)
 *(.init6)
 *(.init7)
 *(.init7)
 *(.init8)
 *(.init8)
 *(.init9)
 .init9         0x00000086        0x8 c:/winavr-20100110/bin/../lib/gcc/avr/4.3.3/../../../../avr/lib/avr5/crtm16.o
 *(.init9)
 *(.text)
 .text          0x0000008e        0x4 c:/winavr-20100110/bin/../lib/gcc/avr/4.3.3/../../../../avr/lib/avr5/crtm16.o
                0x0000008e                __vector_1
                0x0000008e                __vector_12
                0x0000008e                __bad_interrupt
                0x0000008e                __vector_6
                0x0000008e                __vector_3
                0x0000008e                __vector_13
                0x0000008e                __vector_17
                0x0000008e                __vector_19
                0x0000008e                __vector_7
                0x0000008e                __vector_5
                0x0000008e                __vector_4
                0x0000008e                __vector_9
                0x0000008e                __vector_2
                0x0000008e                __vector_8
                0x0000008e                __vector_14
                0x0000008e                __vector_10
                0x0000008e                __vector_16
                0x0000008e                __vector_18
                0x0000008e                __vector_20
 .text          0x00000092        0x0 ./ADC_prog.o
 .text          0x00000092        0x0 ./DIO-prog.o
 .text          0x00000092        0x0 ./TIM0_prog.o
 .text          0x00000092        0x0 ./main.o
 .text          0x00000092        0x0 c:/winavr-20100110/bin/../lib/gcc/avr/4.3.3/avr5\libgcc.a(_divmodhi4.o)
 .text          0x00000092        0x0 c:/winavr-20100110/bin/../lib/gcc/avr/4.3.3/avr5\libgcc.a(_exit.o)
 .text          0x00000092        0x0 c:/winavr-20100110/bin/../lib/gcc/avr/4.3.3/avr5\libgcc.a(_copy_data.o)
 .text          0x00000092        0x0 c:/winavr-20100110/bin/../lib/gcc/avr/4.3.3/avr5\libgcc.a(_clear_bss.o)
 .text          0x00000092        0x0 c:/winavr-20100110/bin/../lib/gcc/avr/4.3.3/avr5\libgcc.a(_udivmodhi4.o)
                0x00000092                . = ALIGN (0x2)
 *(.text.*)
 .text.ADC_voidInit
                0x00000092       0x34 ./ADC_prog.o
                0x00000092                ADC_voidInit
 .text.ADC_voidEnable
                0x000000c6       0x1c ./ADC_prog.o
                0x000000c6                ADC_voidEnable
 .text.ADC_voidDisable
                0x000000e2       0x1c ./ADC_prog.o
                0x000000e2                ADC_voidDisable
 .text.ADC_u8ReadCh_SSht
                0x000000fe       0xe4 ./ADC_prog.o
                0x000000fe                ADC_u8ReadCh_SSht
 .text.ADC_u8ReadCh_MSht
                0x000001e2      0x110 ./ADC_prog.o
                0x000001e2                ADC_u8ReadCh_MSht
 .text.ADC_u8ReadGp
                0x000002f2      0x134 ./ADC_prog.o
                0x000002f2                ADC_u8ReadGp
 .text.DIO_voidInit
                0x00000426       0x8a ./DIO-prog.o
                0x00000426                DIO_voidInit
 .text.DIO_u8ReadPinVal
                0x000004b0       0xae ./DIO-prog.o
                0x000004b0                DIO_u8ReadPinVal
 .text.DIO_u8WritePinVal
                0x0000055e       0xa8 ./DIO-prog.o
                0x0000055e                DIO_u8WritePinVal
 .text.DIO_u8ReadPortVal
                0x00000606       0x4e ./DIO-prog.o
                0x00000606                DIO_u8ReadPortVal
 .text.DIO_u8WritePortVal
                0x00000654       0x46 ./DIO-prog.o
                0x00000654                DIO_u8WritePortVal
 .text.DIO_u8WritePinDir
                0x0000069a       0xa8 ./DIO-prog.o
                0x0000069a                DIO_u8WritePinDir
 .text.DIO_u8WritePortDir
                0x00000742       0x46 ./DIO-prog.o
                0x00000742                DIO_u8WritePortDir
 .text.DIO_u8ReadPinDir
                0x00000788       0x96 ./DIO-prog.o
                0x00000788                DIO_u8ReadPinDir
 .text.DIO_u8ReadPortDir
                0x0000081e       0x4e ./DIO-prog.o
                0x0000081e                DIO_u8ReadPortDir
 .text.TIM0_voidInit
                0x0000086c       0x66 ./TIM0_prog.o
                0x0000086c                TIM0_voidInit
 .text.TIM0_u8SetTime
                0x000008d2       0x62 ./TIM0_prog.o
                0x000008d2                TIM0_u8SetTime
 .text.TIM0_voiResetTimer
                0x00000934       0x1e ./TIM0_prog.o
                0x00000934                TIM0_voiResetTimer
 .text.TIM0_voiResetTimFlg
                0x00000952       0x12 ./TIM0_prog.o
                0x00000952                TIM0_voiResetTimFlg
 .text.TIM0_u8TimerEnabl
                0x00000964       0x1c ./TIM0_prog.o
                0x00000964                TIM0_u8TimerEnabl
 .text.TIM0_u8TimerDisabl
                0x00000980       0x1c ./TIM0_prog.o
                0x00000980                TIM0_u8TimerDisabl
 .text.TIM0_u8GetTimFlg
                0x0000099c       0x12 ./TIM0_prog.o
                0x0000099c                TIM0_u8GetTimFlg
 .text.TIM0_voidSetComp
                0x000009ae       0x1c ./TIM0_prog.o
                0x000009ae                TIM0_voidSetComp
 .text.__vector_11
                0x000009ca       0x3a ./TIM0_prog.o
                0x000009ca                __vector_11
 .text.__vector_15
                0x00000a04       0x3a ./TIM0_prog.o
                0x00000a04                __vector_15
 .text.main     0x00000a3e       0x56 ./main.o
                0x00000a3e                main
 .text.libgcc   0x00000a94       0x26 c:/winavr-20100110/bin/../lib/gcc/avr/4.3.3/avr5\libgcc.a(_divmodhi4.o)
                0x00000a94                __divmodhi4
                0x00000a94                _div
 .text.libgcc   0x00000aba        0x0 c:/winavr-20100110/bin/../lib/gcc/avr/4.3.3/avr5\libgcc.a(_exit.o)
 .text.libgcc   0x00000aba        0x0 c:/winavr-20100110/bin/../lib/gcc/avr/4.3.3/avr5\libgcc.a(_copy_data.o)
 .text.libgcc   0x00000aba        0x0 c:/winavr-20100110/bin/../lib/gcc/avr/4.3.3/avr5\libgcc.a(_clear_bss.o)
 .text.libgcc   0x00000aba       0x28 c:/winavr-20100110/bin/../lib/gcc/avr/4.3.3/avr5\libgcc.a(_udivmodhi4.o)
                0x00000aba                __udivmodhi4
                0x00000ae2                . = ALIGN (0x2)
 *(.fini9)
 .fini9         0x00000ae2        0x0 c:/winavr-20100110/bin/../lib/gcc/avr/4.3.3/avr5\libgcc.a(_exit.o)
                0x00000ae2                exit
                0x00000ae2                _exit
 *(.fini9)
 *(.fini8)
 *(.fini8)
 *(.fini7)
 *(.fini7)
 *(.fini6)
 *(.fini6)
 *(.fini5)
 *(.fini5)
 *(.fini4)
 *(.fini4)
 *(.fini3)
 *(.fini3)
 *(.fini2)
 *(.fini2)
 *(.fini1)
 *(.fini1)
 *(.fini0)
 .fini0         0x00000ae2        0x4 c:/winavr-20100110/bin/../lib/gcc/avr/4.3.3/avr5\libgcc.a(_exit.o)
 *(.fini0)
                0x00000ae6                _etext = .

.data           0x00800060       0x1c load address 0x00000ae6
                0x00800060                PROVIDE (__data_start, .)
 *(.data)
 .data          0x00800060        0x0 c:/winavr-20100110/bin/../lib/gcc/avr/4.3.3/../../../../avr/lib/avr5/crtm16.o
 .data          0x00800060        0x0 ./ADC_prog.o
 .data          0x00800060        0x0 ./DIO-prog.o
 .data          0x00800060        0x0 ./TIM0_prog.o
 .data          0x00800060        0x0 ./main.o
 .data          0x00800060        0x0 c:/winavr-20100110/bin/../lib/gcc/avr/4.3.3/avr5\libgcc.a(_divmodhi4.o)
 .data          0x00800060        0x0 c:/winavr-20100110/bin/../lib/gcc/avr/4.3.3/avr5\libgcc.a(_exit.o)
 .data          0x00800060        0x0 c:/winavr-20100110/bin/../lib/gcc/avr/4.3.3/avr5\libgcc.a(_copy_data.o)
 .data          0x00800060        0x0 c:/winavr-20100110/bin/../lib/gcc/avr/4.3.3/avr5\libgcc.a(_clear_bss.o)
 .data          0x00800060        0x0 c:/winavr-20100110/bin/../lib/gcc/avr/4.3.3/avr5\libgcc.a(_udivmodhi4.o)
 *(.data*)
 .data.DIO_Check
                0x00800060        0x2 ./DIO-prog.o
 *(.rodata)
 *(.rodata*)
 .rodata.CHKERR
                0x00800062        0x2 ./ADC_prog.o
 .rodata.DIO_u8Ports
                0x00800064        0x8 ./DIO-prog.o
 .rodata.DIO_u8Ddrs
                0x0080006c        0x8 ./DIO-prog.o
 .rodata.DIO_u8Pins
                0x00800074        0x8 ./DIO-prog.o
 *(.gnu.linkonce.d*)
                0x0080007c                . = ALIGN (0x2)
                0x0080007c                _edata = .
                0x0080007c                PROVIDE (__data_end, .)

.bss            0x0080007c        0x9
                0x0080007c                PROVIDE (__bss_start, .)
 *(.bss)
 .bss           0x0080007c        0x0 c:/winavr-20100110/bin/../lib/gcc/avr/4.3.3/../../../../avr/lib/avr5/crtm16.o
 .bss           0x0080007c        0x0 ./ADC_prog.o
 .bss           0x0080007c        0x0 ./DIO-prog.o
 .bss           0x0080007c        0x0 ./TIM0_prog.o
 .bss           0x0080007c        0x0 ./main.o
 .bss           0x0080007c        0x0 c:/winavr-20100110/bin/../lib/gcc/avr/4.3.3/avr5\libgcc.a(_divmodhi4.o)
 .bss           0x0080007c        0x0 c:/winavr-20100110/bin/../lib/gcc/avr/4.3.3/avr5\libgcc.a(_exit.o)
 .bss           0x0080007c        0x0 c:/winavr-20100110/bin/../lib/gcc/avr/4.3.3/avr5\libgcc.a(_copy_data.o)
 .bss           0x0080007c        0x0 c:/winavr-20100110/bin/../lib/gcc/avr/4.3.3/avr5\libgcc.a(_clear_bss.o)
 .bss           0x0080007c        0x0 c:/winavr-20100110/bin/../lib/gcc/avr/4.3.3/avr5\libgcc.a(_udivmodhi4.o)
 *(.bss*)
 .bss.TIM0_OFCOUNT
                0x0080007c        0x2 ./TIM0_prog.o
                0x0080007c                TIM0_OFCOUNT
 .bss.TIM0_CMCOUNT
                0x0080007e        0x2 ./TIM0_prog.o
                0x0080007e                TIM0_CMCOUNT
 .bss.TIM0_u8TimeFlag
                0x00800080        0x1 ./TIM0_prog.o
                0x00800080                TIM0_u8TimeFlag
 *(COMMON)
 COMMON         0x00800081        0x4 ./TIM0_prog.o
                0x00800081                TIM0_u8TIME_OVFLW
                0x00800083                TIM0_u8TIME_OCOMP
                0x00800085                PROVIDE (__bss_end, .)
                0x00000ae6                __data_load_start = LOADADDR (.data)
                0x00000b02                __data_load_end = (__data_load_start + SIZEOF (.data))

.noinit         0x00800085        0x0
                0x00800085                PROVIDE (__noinit_start, .)
 *(.noinit*)
                0x00800085                PROVIDE (__noinit_end, .)
                0x00800085                _end = .
                0x00800085                PROVIDE (__heap_start, .)

.eeprom         0x00810000        0x0
 *(.eeprom*)
                0x00810000                __eeprom_end = .

.fuse
 *(.fuse)
 *(.lfuse)
 *(.hfuse)
 *(.efuse)

.lock
 *(.lock*)

.signature
 *(.signature*)

.stab           0x00000000     0x1140
 *(.stab)
 .stab          0x00000000      0x4e0 ./ADC_prog.o
 .stab          0x000004e0      0x714 ./DIO-prog.o
                                0x780 (size before relaxing)
 .stab          0x00000bf4      0x390 ./TIM0_prog.o
                                0x3fc (size before relaxing)
 .stab          0x00000f84      0x1bc ./main.o
                                0x228 (size before relaxing)

.stabstr        0x00000000      0x8d7
 *(.stabstr)
 .stabstr       0x00000000      0x8d7 ./ADC_prog.o

.stab.excl
 *(.stab.excl)

.stab.exclstr
 *(.stab.exclstr)

.stab.index
 *(.stab.index)

.stab.indexstr
 *(.stab.indexstr)

.comment
 *(.comment)

.debug
 *(.debug)

.line
 *(.line)

.debug_srcinfo
 *(.debug_srcinfo)

.debug_sfnames
 *(.debug_sfnames)

.debug_aranges
 *(.debug_aranges)

.debug_pubnames
 *(.debug_pubnames)

.debug_info
 *(.debug_info)
 *(.gnu.linkonce.wi.*)

.debug_abbrev
 *(.debug_abbrev)

.debug_line
 *(.debug_line)

.debug_frame
 *(.debug_frame)

.debug_str
 *(.debug_str)

.debug_loc
 *(.debug_loc)

.debug_macinfo
 *(.debug_macinfo)
OUTPUT(func_gen.elf elf32-avr)
LOAD linker stubs
