Archive member included because of file (symbol)

c:/winavr-20100110/bin/../lib/gcc/avr/4.3.3/avr5\libgcc.a(_divmodhi4.o)
                              ./TIM0_prog.o (__divmodhi4)
c:/winavr-20100110/bin/../lib/gcc/avr/4.3.3/avr5\libgcc.a(_exit.o)
                              c:/winavr-20100110/bin/../lib/gcc/avr/4.3.3/../../../../avr/lib/avr5/crtm32.o (exit)
c:/winavr-20100110/bin/../lib/gcc/avr/4.3.3/avr5\libgcc.a(_copy_data.o)
                              ./CLCD_prog.o (__do_copy_data)
c:/winavr-20100110/bin/../lib/gcc/avr/4.3.3/avr5\libgcc.a(_clear_bss.o)
                              ./INT_prog.o (__do_clear_bss)
c:/winavr-20100110/bin/../lib/gcc/avr/4.3.3/avr5\libgcc.a(_udivmodhi4.o)
                              c:/winavr-20100110/bin/../lib/gcc/avr/4.3.3/avr5\libgcc.a(_divmodhi4.o) (__udivmodhi4)

Allocating common symbols
Common symbol       size              file

TIM0_u8TIME_OVFLW   0x2               ./TIM0_prog.o
INT_u16INT_0_PTR    0x2               ./INT_prog.o
INT_u16INT_2_PTR    0x2               ./INT_prog.o
INT_u16INT_1_PTR    0x2               ./INT_prog.o
TIMER_READ          0x2               ./main.o
TIM0_u8TIME_OCOMP   0x2               ./TIM0_prog.o
KPD_State           0x1               ./KPD_prog.o

Memory Configuration

Name             Origin             Length             Attributes
text             0x00000000         0x00020000         xr
data             0x00800060         0x0000ffa0         rw !x
eeprom           0x00810000         0x00010000         rw !x
fuse             0x00820000         0x00000400         rw !x
lock             0x00830000         0x00000400         rw !x
signature        0x00840000         0x00000400         rw !x
*default*        0x00000000         0xffffffff

Linker script and memory map

LOAD c:/winavr-20100110/bin/../lib/gcc/avr/4.3.3/../../../../avr/lib/avr5/crtm32.o
LOAD ./CLCD_prog.o
LOAD ./DIO-prog.o
LOAD ./INT_prog.o
LOAD ./KPD_prog.o
LOAD ./TIM0_prog.o
LOAD ./main.o
LOAD c:/winavr-20100110/bin/../lib/gcc/avr/4.3.3/avr5\libgcc.a
LOAD c:/winavr-20100110/bin/../lib/gcc/avr/4.3.3/../../../../avr/lib/avr5\libc.a
LOAD c:/winavr-20100110/bin/../lib/gcc/avr/4.3.3/avr5\libgcc.a

.hash
 *(.hash)

.dynsym
 *(.dynsym)

.dynstr
 *(.dynstr)

.gnu.version
 *(.gnu.version)

.gnu.version_d
 *(.gnu.version_d)

.gnu.version_r
 *(.gnu.version_r)

.rel.init
 *(.rel.init)

.rela.init
 *(.rela.init)

.rel.text
 *(.rel.text)
 *(.rel.text.*)
 *(.rel.gnu.linkonce.t*)

.rela.text
 *(.rela.text)
 *(.rela.text.*)
 *(.rela.gnu.linkonce.t*)

.rel.fini
 *(.rel.fini)

.rela.fini
 *(.rela.fini)

.rel.rodata
 *(.rel.rodata)
 *(.rel.rodata.*)
 *(.rel.gnu.linkonce.r*)

.rela.rodata
 *(.rela.rodata)
 *(.rela.rodata.*)
 *(.rela.gnu.linkonce.r*)

.rel.data
 *(.rel.data)
 *(.rel.data.*)
 *(.rel.gnu.linkonce.d*)

.rela.data
 *(.rela.data)
 *(.rela.data.*)
 *(.rela.gnu.linkonce.d*)

.rel.ctors
 *(.rel.ctors)

.rela.ctors
 *(.rela.ctors)

.rel.dtors
 *(.rel.dtors)

.rela.dtors
 *(.rela.dtors)

.rel.got
 *(.rel.got)

.rela.got
 *(.rela.got)

.rel.bss
 *(.rel.bss)

.rela.bss
 *(.rela.bss)

.rel.plt
 *(.rel.plt)

.rela.plt
 *(.rela.plt)

.text           0x00000000     0x1122
 *(.vectors)
 .vectors       0x00000000       0x54 c:/winavr-20100110/bin/../lib/gcc/avr/4.3.3/../../../../avr/lib/avr5/crtm32.o
                0x00000000                __vectors
                0x00000000                __vector_default
 *(.vectors)
 *(.progmem.gcc*)
 *(.progmem*)
                0x00000054                . = ALIGN (0x2)
                0x00000054                __trampolines_start = .
 *(.trampolines)
 .trampolines   0x00000054        0x0 linker stubs
 *(.trampolines*)
                0x00000054                __trampolines_end = .
 *(.jumptables)
 *(.jumptables*)
 *(.lowtext)
 *(.lowtext*)
                0x00000054                __ctors_start = .
 *(.ctors)
                0x00000054                __ctors_end = .
                0x00000054                __dtors_start = .
 *(.dtors)
                0x00000054                __dtors_end = .
 SORT(*)(.ctors)
 SORT(*)(.dtors)
 *(.init0)
 .init0         0x00000054        0x0 c:/winavr-20100110/bin/../lib/gcc/avr/4.3.3/../../../../avr/lib/avr5/crtm32.o
                0x00000054                __init
 *(.init0)
 *(.init1)
 *(.init1)
 *(.init2)
 .init2         0x00000054        0xc c:/winavr-20100110/bin/../lib/gcc/avr/4.3.3/../../../../avr/lib/avr5/crtm32.o
 *(.init2)
 *(.init3)
 *(.init3)
 *(.init4)
 .init4         0x00000060       0x16 c:/winavr-20100110/bin/../lib/gcc/avr/4.3.3/avr5\libgcc.a(_copy_data.o)
                0x00000060                __do_copy_data
 .init4         0x00000076       0x10 c:/winavr-20100110/bin/../lib/gcc/avr/4.3.3/avr5\libgcc.a(_clear_bss.o)
                0x00000076                __do_clear_bss
 *(.init4)
 *(.init5)
 *(.init5)
 *(.init6)
 *(.init6)
 *(.init7)
 *(.init7)
 *(.init8)
 *(.init8)
 *(.init9)
 .init9         0x00000086        0x8 c:/winavr-20100110/bin/../lib/gcc/avr/4.3.3/../../../../avr/lib/avr5/crtm32.o
 *(.init9)
 *(.text)
 .text          0x0000008e        0x4 c:/winavr-20100110/bin/../lib/gcc/avr/4.3.3/../../../../avr/lib/avr5/crtm32.o
                0x0000008e                __vector_12
                0x0000008e                __bad_interrupt
                0x0000008e                __vector_6
                0x0000008e                __vector_11
                0x0000008e                __vector_13
                0x0000008e                __vector_17
                0x0000008e                __vector_19
                0x0000008e                __vector_7
                0x0000008e                __vector_5
                0x0000008e                __vector_4
                0x0000008e                __vector_9
                0x0000008e                __vector_14
                0x0000008e                __vector_10
                0x0000008e                __vector_16
                0x0000008e                __vector_18
                0x0000008e                __vector_20
 .text          0x00000092        0x0 ./CLCD_prog.o
 .text          0x00000092        0x0 ./DIO-prog.o
 .text          0x00000092        0x0 ./INT_prog.o
 .text          0x00000092        0x0 ./KPD_prog.o
 .text          0x00000092        0x0 ./TIM0_prog.o
 .text          0x00000092        0x0 ./main.o
 .text          0x00000092        0x0 c:/winavr-20100110/bin/../lib/gcc/avr/4.3.3/avr5\libgcc.a(_divmodhi4.o)
 .text          0x00000092        0x0 c:/winavr-20100110/bin/../lib/gcc/avr/4.3.3/avr5\libgcc.a(_exit.o)
 .text          0x00000092        0x0 c:/winavr-20100110/bin/../lib/gcc/avr/4.3.3/avr5\libgcc.a(_copy_data.o)
 .text          0x00000092        0x0 c:/winavr-20100110/bin/../lib/gcc/avr/4.3.3/avr5\libgcc.a(_clear_bss.o)
 .text          0x00000092        0x0 c:/winavr-20100110/bin/../lib/gcc/avr/4.3.3/avr5\libgcc.a(_udivmodhi4.o)
                0x00000092                . = ALIGN (0x2)
 *(.text.*)
 .text.CLC_voidInit
                0x00000092       0xc8 ./CLCD_prog.o
                0x00000092                CLC_voidInit
 .text.CLCD_u8WriteComand
                0x0000015a       0xb8 ./CLCD_prog.o
                0x0000015a                CLCD_u8WriteComand
 .text.CLCD_u8WriteDataChar
                0x00000212       0xb8 ./CLCD_prog.o
                0x00000212                CLCD_u8WriteDataChar
 .text.CLCD_u8WriteDataStr
                0x000002ca       0xdc ./CLCD_prog.o
                0x000002ca                CLCD_u8WriteDataStr
 .text.CLCD_u8ReadBF
                0x000003a6       0x6a ./CLCD_prog.o
                0x000003a6                CLCD_u8ReadBF
 .text.CLCD_u8WriteOnCGRam
                0x00000410       0x80 ./CLCD_prog.o
                0x00000410                CLCD_u8WriteOnCGRam
 .text.DIO_voidInit
                0x00000490       0x98 ./DIO-prog.o
                0x00000490                DIO_voidInit
 .text.DIO_u8ReadPinVal
                0x00000528       0x96 ./DIO-prog.o
                0x00000528                DIO_u8ReadPinVal
 .text.DIO_u8WritePinVal
                0x000005be       0xfc ./DIO-prog.o
                0x000005be                DIO_u8WritePinVal
 .text.DIO_u8ReadPortVal
                0x000006ba       0x4e ./DIO-prog.o
                0x000006ba                DIO_u8ReadPortVal
 .text.DIO_u8WritePortVal
                0x00000708       0x68 ./DIO-prog.o
                0x00000708                DIO_u8WritePortVal
 .text.DIO_u8WritePinDir
                0x00000770       0xa8 ./DIO-prog.o
                0x00000770                DIO_u8WritePinDir
 .text.DIO_u8WritePortDir
                0x00000818       0x46 ./DIO-prog.o
                0x00000818                DIO_u8WritePortDir
 .text.DIO_u8ReadPinDir
                0x0000085e       0x96 ./DIO-prog.o
                0x0000085e                DIO_u8ReadPinDir
 .text.DIO_u8ReadPortDir
                0x000008f4       0x4e ./DIO-prog.o
                0x000008f4                DIO_u8ReadPortDir
 .text.INT_voidInit
                0x00000942       0x38 ./INT_prog.o
                0x00000942                INT_voidInit
 .text.INT_u8ReadIntFlag
                0x0000097a       0x88 ./INT_prog.o
                0x0000097a                INT_u8ReadIntFlag
 .text.__vector_1
                0x00000a02       0x5a ./INT_prog.o
                0x00000a02                __vector_1
 .text.__vector_2
                0x00000a5c       0x5a ./INT_prog.o
                0x00000a5c                __vector_2
 .text.__vector_3
                0x00000ab6       0x5a ./INT_prog.o
                0x00000ab6                __vector_3
 .text.CallBackINT0
                0x00000b10       0x24 ./INT_prog.o
                0x00000b10                CallBackINT0
 .text.CallBackINT1
                0x00000b34       0x24 ./INT_prog.o
                0x00000b34                CallBackINT1
 .text.CallBackINT2
                0x00000b58       0x24 ./INT_prog.o
                0x00000b58                CallBackINT2
 .text.SEI      0x00000b7c       0x10 ./INT_prog.o
                0x00000b7c                SEI
 .text.CLI      0x00000b8c       0x10 ./INT_prog.o
                0x00000b8c                CLI
 .text.KPD_voidInit
                0x00000b9c       0x12 ./KPD_prog.o
                0x00000b9c                KPD_voidInit
 .text.KPD_u8Read
                0x00000bae      0x1a2 ./KPD_prog.o
                0x00000bae                KPD_u8Read
 .text.KPD_GetBtn
                0x00000d50       0x66 ./KPD_prog.o
                0x00000d50                KPD_GetBtn
 .text.TIM0_voidInit
                0x00000db6       0x66 ./TIM0_prog.o
                0x00000db6                TIM0_voidInit
 .text.TIM0_u8SetTime
                0x00000e1c       0x54 ./TIM0_prog.o
                0x00000e1c                TIM0_u8SetTime
 .text.TIM0_voiResetTimer
                0x00000e70       0x1e ./TIM0_prog.o
                0x00000e70                TIM0_voiResetTimer
 .text.TIM0_voiResetTimFlg
                0x00000e8e       0x12 ./TIM0_prog.o
                0x00000e8e                TIM0_voiResetTimFlg
 .text.TIM0_u8TimerEnabl
                0x00000ea0       0x1c ./TIM0_prog.o
                0x00000ea0                TIM0_u8TimerEnabl
 .text.TIM0_u8TimerDisabl
                0x00000ebc       0x1c ./TIM0_prog.o
                0x00000ebc                TIM0_u8TimerDisabl
 .text.TIM0_u8GetTimFlg
                0x00000ed8       0x12 ./TIM0_prog.o
                0x00000ed8                TIM0_u8GetTimFlg
 .text.TIM0_voidSetComp
                0x00000eea       0x1c ./TIM0_prog.o
                0x00000eea                TIM0_voidSetComp
 .text.__vector_8
                0x00000f06       0x3a ./TIM0_prog.o
                0x00000f06                __vector_8
 .text.__vector_15
                0x00000f40       0x3a ./TIM0_prog.o
                0x00000f40                __vector_15
 .text.main     0x00000f7a       0x5e ./main.o
                0x00000f7a                main
 .text.LED1_ON  0x00000fd8       0x26 ./main.o
                0x00000fd8                LED1_ON
 .text.LED2_ON  0x00000ffe       0x26 ./main.o
                0x00000ffe                LED2_ON
 .text.LED3_ON  0x00001024       0x26 ./main.o
                0x00001024                LED3_ON
 .text.light    0x0000104a       0x86 ./main.o
                0x0000104a                light
 .text.libgcc   0x000010d0       0x26 c:/winavr-20100110/bin/../lib/gcc/avr/4.3.3/avr5\libgcc.a(_divmodhi4.o)
                0x000010d0                __divmodhi4
                0x000010d0                _div
 .text.libgcc   0x000010f6        0x0 c:/winavr-20100110/bin/../lib/gcc/avr/4.3.3/avr5\libgcc.a(_exit.o)
 .text.libgcc   0x000010f6        0x0 c:/winavr-20100110/bin/../lib/gcc/avr/4.3.3/avr5\libgcc.a(_copy_data.o)
 .text.libgcc   0x000010f6        0x0 c:/winavr-20100110/bin/../lib/gcc/avr/4.3.3/avr5\libgcc.a(_clear_bss.o)
 .text.libgcc   0x000010f6       0x28 c:/winavr-20100110/bin/../lib/gcc/avr/4.3.3/avr5\libgcc.a(_udivmodhi4.o)
                0x000010f6                __udivmodhi4
                0x0000111e                . = ALIGN (0x2)
 *(.fini9)
 .fini9         0x0000111e        0x0 c:/winavr-20100110/bin/../lib/gcc/avr/4.3.3/avr5\libgcc.a(_exit.o)
                0x0000111e                exit
                0x0000111e                _exit
 *(.fini9)
 *(.fini8)
 *(.fini8)
 *(.fini7)
 *(.fini7)
 *(.fini6)
 *(.fini6)
 *(.fini5)
 *(.fini5)
 *(.fini4)
 *(.fini4)
 *(.fini3)
 *(.fini3)
 *(.fini2)
 *(.fini2)
 *(.fini1)
 *(.fini1)
 *(.fini0)
 .fini0         0x0000111e        0x4 c:/winavr-20100110/bin/../lib/gcc/avr/4.3.3/avr5\libgcc.a(_exit.o)
 *(.fini0)
                0x00001122                _etext = .

.data           0x00800060       0x3a load address 0x00001122
                0x00800060                PROVIDE (__data_start, .)
 *(.data)
 .data          0x00800060        0x0 c:/winavr-20100110/bin/../lib/gcc/avr/4.3.3/../../../../avr/lib/avr5/crtm32.o
 .data          0x00800060        0x0 ./CLCD_prog.o
 .data          0x00800060        0x0 ./DIO-prog.o
 .data          0x00800060        0x0 ./INT_prog.o
 .data          0x00800060        0x0 ./KPD_prog.o
 .data          0x00800060        0x0 ./TIM0_prog.o
 .data          0x00800060        0x0 ./main.o
 .data          0x00800060        0x0 c:/winavr-20100110/bin/../lib/gcc/avr/4.3.3/avr5\libgcc.a(_divmodhi4.o)
 .data          0x00800060        0x0 c:/winavr-20100110/bin/../lib/gcc/avr/4.3.3/avr5\libgcc.a(_exit.o)
 .data          0x00800060        0x0 c:/winavr-20100110/bin/../lib/gcc/avr/4.3.3/avr5\libgcc.a(_copy_data.o)
 .data          0x00800060        0x0 c:/winavr-20100110/bin/../lib/gcc/avr/4.3.3/avr5\libgcc.a(_clear_bss.o)
 .data          0x00800060        0x0 c:/winavr-20100110/bin/../lib/gcc/avr/4.3.3/avr5\libgcc.a(_udivmodhi4.o)
 *(.data*)
 *(.rodata)
 *(.rodata*)
 .rodata.CLC_u8DataArr
                0x00800060        0x8 ./CLCD_prog.o
                0x00800060                CLC_u8DataArr
 .rodata.CHKerr
                0x00800068        0x2 ./CLCD_prog.o
                0x00800068                CHKerr
 .rodata.DIO_u8Ports
                0x0080006a        0x8 ./DIO-prog.o
 .rodata.DIO_u8Ddrs
                0x00800072        0x8 ./DIO-prog.o
 .rodata.DIO_u8Pins
                0x0080007a        0x8 ./DIO-prog.o
 .rodata.KPD_Btns
                0x00800082       0x11 ./KPD_prog.o
                0x00800082                KPD_Btns
 .rodata.KPD_MAP
                0x00800093        0x5 ./KPD_prog.o
                0x00800093                KPD_MAP
 .rodata.ChkErr
                0x00800098        0x2 ./KPD_prog.o
                0x00800098                ChkErr
 *(.gnu.linkonce.d*)
                0x0080009a                . = ALIGN (0x2)
                0x0080009a                _edata = .
                0x0080009a                PROVIDE (__data_end, .)

.bss            0x0080009a       0x18
                0x0080009a                PROVIDE (__bss_start, .)
 *(.bss)
 .bss           0x0080009a        0x0 c:/winavr-20100110/bin/../lib/gcc/avr/4.3.3/../../../../avr/lib/avr5/crtm32.o
 .bss           0x0080009a        0x0 ./CLCD_prog.o
 .bss           0x0080009a        0x0 ./DIO-prog.o
 .bss           0x0080009a        0x0 ./INT_prog.o
 .bss           0x0080009a        0x0 ./KPD_prog.o
 .bss           0x0080009a        0x0 ./TIM0_prog.o
 .bss           0x0080009a        0x0 ./main.o
 .bss           0x0080009a        0x0 c:/winavr-20100110/bin/../lib/gcc/avr/4.3.3/avr5\libgcc.a(_divmodhi4.o)
 .bss           0x0080009a        0x0 c:/winavr-20100110/bin/../lib/gcc/avr/4.3.3/avr5\libgcc.a(_exit.o)
 .bss           0x0080009a        0x0 c:/winavr-20100110/bin/../lib/gcc/avr/4.3.3/avr5\libgcc.a(_copy_data.o)
 .bss           0x0080009a        0x0 c:/winavr-20100110/bin/../lib/gcc/avr/4.3.3/avr5\libgcc.a(_clear_bss.o)
 .bss           0x0080009a        0x0 c:/winavr-20100110/bin/../lib/gcc/avr/4.3.3/avr5\libgcc.a(_udivmodhi4.o)
 *(.bss*)
 .bss.TIM0_OFCOUNT
                0x0080009a        0x2 ./TIM0_prog.o
                0x0080009a                TIM0_OFCOUNT
 .bss.TIM0_CMCOUNT
                0x0080009c        0x2 ./TIM0_prog.o
                0x0080009c                TIM0_CMCOUNT
 .bss.TIM0_u8TimeFlag
                0x0080009e        0x1 ./TIM0_prog.o
                0x0080009e                TIM0_u8TimeFlag
 .bss.tog1      0x0080009f        0x1 ./main.o
                0x0080009f                tog1
 .bss.tog2      0x008000a0        0x1 ./main.o
                0x008000a0                tog2
 .bss.tog3      0x008000a1        0x1 ./main.o
                0x008000a1                tog3
 .bss.FLAG1     0x008000a2        0x1 ./main.o
                0x008000a2                FLAG1
 .bss.FLAG2     0x008000a3        0x1 ./main.o
                0x008000a3                FLAG2
 .bss.FLAG3     0x008000a4        0x1 ./main.o
                0x008000a4                FLAG3
 *(COMMON)
 COMMON         0x008000a5        0x6 ./INT_prog.o
                0x008000a5                INT_u16INT_0_PTR
                0x008000a7                INT_u16INT_2_PTR
                0x008000a9                INT_u16INT_1_PTR
 COMMON         0x008000ab        0x1 ./KPD_prog.o
                0x008000ab                KPD_State
 COMMON         0x008000ac        0x4 ./TIM0_prog.o
                0x008000ac                TIM0_u8TIME_OVFLW
                0x008000ae                TIM0_u8TIME_OCOMP
 COMMON         0x008000b0        0x2 ./main.o
                0x008000b0                TIMER_READ
                0x008000b2                PROVIDE (__bss_end, .)
                0x00001122                __data_load_start = LOADADDR (.data)
                0x0000115c                __data_load_end = (__data_load_start + SIZEOF (.data))

.noinit         0x008000b2        0x0
                0x008000b2                PROVIDE (__noinit_start, .)
 *(.noinit*)
                0x008000b2                PROVIDE (__noinit_end, .)
                0x008000b2                _end = .
                0x008000b2                PROVIDE (__heap_start, .)

.eeprom         0x00810000        0x0
 *(.eeprom*)
                0x00810000                __eeprom_end = .

.fuse
 *(.fuse)
 *(.lfuse)
 *(.hfuse)
 *(.efuse)

.lock
 *(.lock*)

.signature
 *(.signature*)

.stab           0x00000000     0x1ce0
 *(.stab)
 .stab          0x00000000      0x6d8 ./CLCD_prog.o
 .stab          0x000006d8      0x7c8 ./DIO-prog.o
                                0x840 (size before relaxing)
 .stab          0x00000ea0      0x39c ./INT_prog.o
                                0x414 (size before relaxing)
 .stab          0x0000123c      0x348 ./KPD_prog.o
                                0x3c0 (size before relaxing)
 .stab          0x00001584      0x384 ./TIM0_prog.o
                                0x3fc (size before relaxing)
 .stab          0x00001908      0x3d8 ./main.o
                                0x450 (size before relaxing)

.stabstr        0x00000000      0xc76
 *(.stabstr)
 .stabstr       0x00000000      0xc76 ./CLCD_prog.o

.stab.excl
 *(.stab.excl)

.stab.exclstr
 *(.stab.exclstr)

.stab.index
 *(.stab.index)

.stab.indexstr
 *(.stab.indexstr)

.comment
 *(.comment)

.debug
 *(.debug)

.line
 *(.line)

.debug_srcinfo
 *(.debug_srcinfo)

.debug_sfnames
 *(.debug_sfnames)

.debug_aranges
 *(.debug_aranges)

.debug_pubnames
 *(.debug_pubnames)

.debug_info
 *(.debug_info)
 *(.gnu.linkonce.wi.*)

.debug_abbrev
 *(.debug_abbrev)

.debug_line
 *(.debug_line)

.debug_frame
 *(.debug_frame)

.debug_str
 *(.debug_str)

.debug_loc
 *(.debug_loc)

.debug_macinfo
 *(.debug_macinfo)
OUTPUT(INT_APP1.elf elf32-avr)
LOAD linker stubs
